[jailbreak.psp2.dev/index.html]
[backblue.gif]
[fade.gif]
[index.html]
[jailbreak.psp2.dev/watermark.png]
[jailbreak.psp2.dev/index.html]
[guide.psp2.dev/index.html]
[henkaku.xyz/index.html]
[henkaku.xyz/cdn-cgi/apps/head/Cqo7OFqvC8y1XP5j1Enwbpkh_gk.js]
[henkaku.xyz/css/main.css]
[henkaku.xyz/assets/vitadoom-hero.png]
[henkaku.xyz/showcase/index.html]
[henkaku.xyz/developer/index.html]
[henkaku.xyz/usage/index.html]
[henkaku.xyz/go/index.html]
[henkaku.xyz/about/index.html]
[henkaku.xyz/forums/index.html]
[henkaku.xyz/cdn-cgi/l/email-protection.html]
[henkaku.xyz/cdn-cgi/scripts/5c5dd728/cloudflare-static/email-decode.min.js]
[henkaku.xyz/changes/index.html]
[henkaku.xyz/source/index.html]
[henkaku.xyz/privacy/index.html]
[henkaku.xyz/assets/install.js]
[henkaku.xyz/index.html]
[jailbreak.psp2.dev/go/exploit.js]
[henkaku.xyz/bower_components/bootstrap-sass/assets/javascripts/bootstrap.min.js]
[jailbreak.psp2.dev/go/kernel.js]
[jailbreak.psp2.dev/go/jsos.js]
[jailbreak.psp2.dev/go/index.html]
[jailbreak.psp2.dev/go/offsets.js]
[henkaku.xyz/bower_components/jquery/dist/jquery.min.js]
[henkaku.xyz/bower_components/bootstrap-sass/assets/fonts/bootstrap/glyphicons-halflings-regular.woff2]
[henkaku.xyz/bower_components/bootstrap-sass/assets/fonts/bootstrap/glyphicons-halflings-regular.woff]
[henkaku.xyz/bower_components/bootstrap-sass/assets/fonts/bootstrap/glyphicons-halflings-regular.eot]
[henkaku.xyz/bower_components/bootstrap-sass/assets/fonts/bootstrap/glyphicons-halflings-regulard41d.eot]
[henkaku.xyz/bower_components/bootstrap-sass/assets/fonts/bootstrap/glyphicons-halflings-regular.svg]
[henkaku.xyz/css/main.css]
[henkaku.xyz/usage/index.html]
[henkaku.xyz/assets/homebrew/0-offline.png]
[henkaku.xyz/assets/homebrew/1-genesis.png]
[henkaku.xyz/assets/homebrew/10-vita-8.png]
[henkaku.xyz/assets/homebrew/11-numptyphysics.png]
[henkaku.xyz/bower_components/bootstrap-sass/assets/fonts/bootstrap/glyphicons-halflings-regular.ttf]
[henkaku.xyz/assets/homebrew/12-snes9x.png]
[henkaku.xyz/assets/homebrew/13-floodit.png]
[henkaku.xyz/assets/homebrew/14-vitatester.png]
[henkaku.xyz/assets/homebrew/15-breakveetout.png]
[henkaku.xyz/assets/homebrew/16-catsfc-libretro.png]
[henkaku.xyz/assets/homebrew/17-textquest.png]
[henkaku.xyz/assets/homebrew/18-jellycar.png]
[henkaku.xyz/assets/homebrew/19-reminiscence.png]
[henkaku.xyz/assets/homebrew/2-vitadoom.png]
[henkaku.xyz/assets/homebrew/20-anotherworld.png]
[henkaku.xyz/assets/homebrew/21-vitahomebrewbrowser.png]
[henkaku.xyz/assets/homebrew/22-retroarch.png]
[henkaku.xyz/assets/homebrew/3-handy.png]
[henkaku.xyz/assets/homebrew/4-neopop.png]
[henkaku.xyz/assets/homebrew/5-smsplus.png]
[henkaku.xyz/assets/homebrew/6-ftpvita.png]
[henkaku.xyz/assets/homebrew/7-realboy.png]
[henkaku.xyz/assets/homebrew/8-vitahelloworld.png]
[henkaku.xyz/assets/homebrew/9-mgba.png]
[henkaku.xyz/showcase/index.html]
[henkaku.xyz/developer/index.html]
[henkaku.xyz/forums/index.html]
[henkaku.xyz/assets/molecule.png]
[henkaku.xyz/about/index.html]
[henkaku.xyz/go/payload.js]
[henkaku.xyz/go/index.html]
[henkaku.xyz/changes/index.html]
[henkaku.xyz/source/index.html]
[henkaku.xyz/privacy/index.html]
[henkaku.xyz/cdn-cgi/l/email-protection.html]
[henkaku.xyz/bower_components/bootstrap-sass/assets/fonts/bootstrap/glyphicons-halflings-regular.svg]
